#-----------------------------------------------------------
# Vivado v2020.1 (64-bit)
# SW Build 2902540 on Wed May 27 19:54:49 MDT 2020
# IP Build 2902112 on Wed May 27 22:43:36 MDT 2020
# Start of session at: Thu Dec 12 12:13:34 2024
# Process ID: 4988
# Current directory: C:/Users/Noman Traders/Downloads/allfiles (1)/MazeProjectFinal_12th (2)/MazeProjectFinal_12th/MazeProjectFinal
# Command line: vivado.exe -gui_launcher_event rodinguilauncherevent1516 C:\Users\Noman Traders\Downloads\allfiles (1)\MazeProjectFinal_12th (2)\MazeProjectFinal_12th\MazeProjectFinal\MazeProjectFinal.xpr
# Log file: C:/Users/Noman Traders/Downloads/allfiles (1)/MazeProjectFinal_12th (2)/MazeProjectFinal_12th/MazeProjectFinal/vivado.log
# Journal file: C:/Users/Noman Traders/Downloads/allfiles (1)/MazeProjectFinal_12th (2)/MazeProjectFinal_12th/MazeProjectFinal\vivado.jou
#-----------------------------------------------------------
start_gui
open_project {C:/Users/Noman Traders/Downloads/allfiles (1)/MazeProjectFinal_12th (2)/MazeProjectFinal_12th/MazeProjectFinal/MazeProjectFinal.xpr}
update_compile_order -fileset sources_1
